exports[`test matches snapshot 1`] = `
<div
  className="Page">
  <Uncontrolled(Navbar)
    bsStyle="default"
    fixedTop={true}>
    <NavbarHeader>
      <Link
        onlyActiveOnIndex={false}
        style={Object {}}
        to="/">
        <NavbarBrand>
          <img
            alt="Kaenga logo"
            src="logo.png"
            style={
              Object {
                "height": "80px",
              }
            } />
        </NavbarBrand>
      </Link>
      <NavbarToggle />
    </NavbarHeader>
    <NavbarCollapse>
      <Nav
        bsClass="nav"
        justified={false}
        pullLeft={false}
        pullRight={true}
        stacked={false}>
        <NavItem
          active={false}
          disabled={false}
          style={
            Object {
              "display": "none",
            }
          }>
          <span>
            Price: 
          </span>
          <Connect(PriceRange) />
        </NavItem>
      </Nav>
    </NavbarCollapse>
  </Uncontrolled(Navbar)>
  <Footer />
</div>
`;
