exports[`test matches snapshot 1`] = `
<Checkbox
  bsClass="checkbox"
  disabled={false}
  inline={false}
  onChange={undefined}
  value={undefined} />
`;
