exports[`test matches snapshot 1`] = `
<ListGroupItem
  bsClass="list-group-item"
  listItem={false} />
`;
