exports[`test matches snapshot 1`] = `
<ListGroupItem
  bsClass="list-group-item"
  href={undefined}
  listItem={false} />
`;
