exports[`test matches snapshot 1`] = `
<div>
  <Button
    active={false}
    block={false}
    bsClass="btn"
    bsStyle="default"
    disabled={false}
    onClick={[Function]}>
    Add
  </Button>
  <ListGroup
    bsClass="list-group" />
  <Button
    active={false}
    block={false}
    bsClass="btn"
    bsStyle="default"
    disabled={false}
    onClick={[Function]}>
    Clear
  </Button>
</div>
`;
