exports[`test matches snapshot 1`] = `
<FormGroup
  bsClass="form-group">
  <ControlLabel
    bsClass="control-label"
    srOnly={false}>
    How many teenagers will live in your new home?
  </ControlLabel>
  <FormControl
    bsClass="form-control"
    componentClass="input"
    min={0}
    onChange={undefined}
    type="number"
    value={NaN} />
</FormGroup>
`;
