exports[`test matches snapshot 1`] = `
<FormGroup
  bsClass="form-group">
  <ControlLabel
    bsClass="control-label"
    srOnly={false} />
  <FormControl
    bsClass="form-control"
    componentClass="input"
    max={undefined}
    min={0}
    onChange={undefined}
    type="number"
    value={undefined} />
</FormGroup>
`;
