exports[`test matches snapshot 1`] = `
<Checkbox
  bsClass="checkbox"
  checked={undefined}
  disabled={false}
  inline={false}
  onChange={undefined} />
`;
