exports[`test matches snapshot 1`] = `
<Well
  bsClass="well"
  style={Object {}}>
  <h1>
    Home floorspace
  </h1>
  <br />
</Well>
`;
