exports[`test matches snapshot 1`] = `
<span>
  $
  <FormattedNumber
    maximumSignificantDigits={2}
    value={0} />
</span>
`;
