exports[`test matches snapshot 1`] = `
<div>
  
</div>
`;
