exports[`test matches snapshot 1`] = `
<div
  className="Anchor"
  id={undefined} />
`;
