exports[`test matches snapshot 1`] = `
<Route
  component={[Function]}
  path="/">
  <IndexRoute
    component={[Function]} />
  <Route
    component={[Function]}
    path="privacy" />
  <Route
    component={[Function]}
    path="report" />
</Route>
`;
